// Jest Snapshot v1, https://goo.gl/fbAQLP

exports[`App matches snapshot 1`] = `
<DocumentFragment>
  <div
    class="App"
  >
    <div
      class="container"
    >
      <div
        class="form-container page_header"
      >
        <h2
          class="mb-5"
        >
          Personal Details
        </h2>
        <div
          class="progress"
        >
          <div
            aria-valuemax="100"
            aria-valuemin="0"
            aria-valuenow="0"
            class="progress-bar"
            role="progressbar"
            style="width: 0%;"
          >
            0/2 Steps Completed
          </div>
        </div>
        <div
          class="form-group progress_bar_padding"
        >
          <label
            for="firstname"
          >
            First Name:
          </label>
          <input
            class="form-control"
            data-testid="firstname-input"
            name="firstname"
            type="text"
            value=""
          />
        </div>
        <div
          class="form-group"
        >
          <label
            for="lastname"
          >
            Last Name:
          </label>
          <input
            class="form-control"
            data-testid="lastname-input"
            name="lastname"
            type="text"
            value=""
          />
        </div>
        <div
          class="form-group"
        >
          <label
            for="email"
          >
            Email:
          </label>
          <input
            class="form-control"
            data-testid="email-input"
            name="email"
            type="text"
            value=""
          />
        </div>
        <div
          class="form-group"
        >
          <label
            for="phone"
          >
            Phone:
          </label>
          <input
            class="form-control"
            data-testid="phone-input"
            name="phone"
            type="text"
            value=""
          />
        </div>
        <br />
        <div
          class="text-right"
        >
          <button
            class="btn btn-primary"
            data-testid="page-1-continue-btn"
          >
            Continue
          </button>
        </div>
      </div>
    </div>
  </div>
</DocumentFragment>
`;
